Resolving dependencies...
Downloading packages...
  _flutterfire_internals 1.3.59 (1.3.67 available)
  firebase_core 3.15.2 (4.5.0 available)
  firebase_core_web 2.24.1 (3.5.0 available)
  firebase_messaging 15.2.10 (16.1.2 available)
  firebase_messaging_platform_interface 4.6.10 (4.7.7 available)
  firebase_messaging_web 3.10.10 (4.1.3 available)
  fl_chart 0.69.2 (1.2.0 available)
  flutter_lints 4.0.0 (6.0.0 available)
  geolocator 13.0.4 (14.0.2 available)
  geolocator_android 4.6.2 (5.0.2 available)
  go_router 14.8.1 (17.1.0 available)
  lints 4.0.0 (6.1.0 available)
  meta 1.17.0 (1.18.1 available)
Got dependencies!
13 packages have newer versions incompatible with dependency constraints.
Try `flutter pub outdated` for more information.
Analyzing shieldgig...                                          

   info - The 'child' argument should be last in widget constructor invocations - lib\core\router\app_router.dart:74:27 - sort_child_properties_last
warning - The value of the field '_formKey' isn't used - lib\features\auth\login_screen.dart:14:9 - unused_field
   info - The private field _loading could be 'final' - lib\features\auth\login_screen.dart:15:8 - prefer_final_fields
   info - Use 'const' with the constructor to improve performance - lib\features\auth\login_screen.dart:262:11 - prefer_const_constructors
   info - Use 'const' with the constructor to improve performance - lib\features\auth\login_screen.dart:312:11 - prefer_const_constructors
   info - Use 'const' with the constructor to improve performance - lib\features\auth\login_screen.dart:314:20 - prefer_const_constructors
   info - The import of 'package:flutter/foundation.dart' is unnecessary because all of the used elements are also provided by the import of 'package:flutter/material.dart' - lib\features\auth\otp_screen.dart:3:8 - unnecessary_import
warning - The declaration '_hint' isn't referenced - lib\features\auth\otp_screen.dart:13:7 - unused_element
   info - Statements in a for should be enclosed in a block - lib\features\auth\otp_screen.dart:40:35 - curly_braces_in_flow_control_structures
   info - Statements in a for should be enclosed in a block - lib\features\auth\otp_screen.dart:41:34 - curly_braces_in_flow_control_structures
   info - Statements in a for should be enclosed in a block - lib\features\auth\otp_screen.dart:92:35 - curly_braces_in_flow_control_structures
   info - Use 'const' with the constructor to improve performance - lib\features\claims\claim_detail_screen.dart:343:11 - prefer_const_constructors
   info - Use 'const' with the constructor to improve performance - lib\features\claims\claim_detail_screen.dart:345:20 - prefer_const_constructors
   info - Use 'const' literals as arguments to constructors of '@immutable' classes - lib\features\claims\claim_detail_screen.dart:347:25 - prefer_const_literals_to_create_immutables
   info - Use 'const' with the constructor to improve performance - lib\features\claims\claim_detail_screen.dart:348:17 - prefer_const_constructors
   info - Use 'const' literals as arguments to constructors of '@immutable' classes - lib\features\claims\claim_detail_screen.dart:351:29 - prefer_const_literals_to_create_immutables
   info - Use 'const' with the constructor to improve performance - lib\features\claims\claim_detail_screen.dart:374:17 - prefer_const_constructors
   info - Use 'const' with the constructor to improve performance - lib\features\claims\claim_detail_screen.dart:541:14 - prefer_const_constructors
   info - Use 'const' literals as arguments to constructors of '@immutable' classes - lib\features\claims\claim_detail_screen.dart:542:19 - prefer_const_literals_to_create_immutables
   info - Use 'const' with the constructor to improve performance - lib\features\claims\claims_screen.dart:41:13 - prefer_const_constructors
   info - Use 'const' with the constructor to improve performance - lib\features\dashboard\dashboard_screen.dart:65:21 - prefer_const_constructors
   info - Use 'const' with the constructor to improve performance - lib\features\dashboard\dashboard_screen.dart:125:18 - prefer_const_constructors
   info - Use 'const' with the constructor to improve performance - lib\features\dashboard\dashboard_screen.dart:216:26 - prefer_const_constructors
   info - Use 'const' with the constructor to improve performance - lib\features\dashboard\dashboard_screen.dart:279:17 - prefer_const_constructors
   info - Use 'const' with the constructor to improve performance - lib\features\dashboard\dashboard_screen.dart:281:28 - prefer_const_constructors
   info - Use 'const' with the constructor to improve performance - lib\features\dashboard\dashboard_screen.dart:294:21 - prefer_const_constructors
   info - Use 'const' with the constructor to improve performance - lib\features\dashboard\dashboard_screen.dart:296:30 - prefer_const_constructors
   info - Use 'const' with the constructor to improve performance - lib\features\dashboard\dashboard_screen.dart:310:11 - prefer_const_constructors
   info - Use 'const' with the constructor to improve performance - lib\features\dashboard\dashboard_screen.dart:311:20 - prefer_const_constructors
   info - Use 'const' literals as arguments to constructors of '@immutable' classes - lib\features\dashboard\dashboard_screen.dart:313:25 - prefer_const_literals_to_create_immutables
   info - Use 'const' with the constructor to improve performance - lib\features\dashboard\dashboard_screen.dart:329:17 - prefer_const_constructors
   info - Use 'const' for final variables initialized to a constant value - lib\features\dashboard\dashboard_screen.dart:387:5 - prefer_const_declarations
   info - Use 'const' with the constructor to improve performance - lib\features\dashboard\dashboard_screen.dart:655:11 - prefer_const_constructors
   info - Use 'const' with the constructor to improve performance - lib\features\dashboard\dashboard_screen.dart:656:20 - prefer_const_constructors
   info - Use 'const' with the constructor to improve performance - lib\features\onboarding\onboarding_screen.dart:142:25 - prefer_const_constructors
   info - Use 'const' with the constructor to improve performance - lib\features\onboarding\onboarding_screen.dart:148:25 - prefer_const_constructors
   info - Use 'const' with the constructor to improve performance - lib\features\onboarding\onboarding_screen.dart:159:25 - prefer_const_constructors
   info - Use 'const' with the constructor to improve performance - lib\features\onboarding\onboarding_screen.dart:170:25 - prefer_const_constructors
warning - This case is covered by the previous cases - lib\features\onboarding\onboarding_screen.dart:566:7 - unreachable_switch_case
warning - The '!' will have no effect because the receiver can't be null - lib\features\policy\plans_screen.dart:305:34 - unnecessary_non_null_assertion
   info - 'activeColor' is deprecated and shouldn't be used. Use activeThumbColor instead. This feature was deprecated after v3.31.0-2.0.pre - lib\features\policy\plans_screen.dart:365:11 - deprecated_member_use
   info - 'activeColor' is deprecated and shouldn't be used. Use activeThumbColor instead. This feature was deprecated after v3.31.0-2.0.pre - lib\features\policy\policy_screen.dart:641:11 - deprecated_member_use
   info - 'withOpacity' is deprecated and shouldn't be used. Use .withValues() to avoid precision loss - lib\features\shared\widgets\demo_control_panel.dart:168:43 - deprecated_member_use
   info - 'withOpacity' is deprecated and shouldn't be used. Use .withValues() to avoid precision loss - lib\features\shared\widgets\demo_control_panel.dart:175:30 - deprecated_member_use
   info - Use 'const' with the constructor to improve performance - lib\features\support\support_screen.dart:37:11 - prefer_const_constructors
   info - Use 'const' with the constructor to improve performance - lib\features\support\support_screen.dart:39:20 - prefer_const_constructors
   info - Use 'const' literals as arguments to constructors of '@immutable' classes - lib\features\support\support_screen.dart:41:25 - prefer_const_literals_to_create_immutables
   info - Use 'const' with the constructor to improve performance - lib\features\support\support_screen.dart:47:17 - prefer_const_constructors
   info - Use 'const' with the constructor to improve performance - lib\features\support\support_screen.dart:105:16 - prefer_const_constructors
   info - Use 'const' literals as arguments to constructors of '@immutable' classes - lib\features\support\support_screen.dart:106:21 - prefer_const_literals_to_create_immutables
   info - Use 'const' with the constructor to improve performance - lib\features\support\support_screen.dart:253:12 - prefer_const_constructors
   info - Use 'const' with the constructor to improve performance - lib\features\support\support_screen.dart:255:14 - prefer_const_constructors
warning - The value of the field '_expanded' isn't used - lib\features\support\support_screen.dart:291:8 - unused_field
   info - Use 'const' with the constructor to improve performance - lib\features\support\support_screen.dart:388:13 - prefer_const_constructors
   info - Use 'const' literals as arguments to constructors of '@immutable' classes - lib\features\support\support_screen.dart:389:25 - prefer_const_literals_to_create_immutables
warning - The declaration '_hint' isn't referenced - lib\features\wallet\wallet_screen.dart:16:7 - unused_element
   info - Use 'const' with the constructor to improve performance - lib\features\wallet\wallet_screen.dart:264:9 - prefer_const_constructors
   info - Use 'const' literals as arguments to constructors of '@immutable' classes - lib\features\wallet\wallet_screen.dart:265:21 - prefer_const_literals_to_create_immutables
   info - Use interpolation to compose strings and values - lib\features\wallet\wallet_screen.dart:458:41 - prefer_interpolation_to_compose_strings
   info - Use interpolation to compose strings and values - lib\features\wallet\wallet_screen.dart:459:25 - prefer_interpolation_to_compose_strings
   info - Use 'const' with the constructor to improve performance - lib\features\wallet\wallet_screen.dart:558:11 - prefer_const_constructors
   info - Use 'const' with the constructor to improve performance - lib\features\wallet\wallet_screen.dart:559:20 - prefer_const_constructors
   info - Use 'const' literals as arguments to constructors of '@immutable' classes - lib\features\wallet\wallet_screen.dart:561:25 - prefer_const_literals_to_create_immutables
   info - Use 'const' with the constructor to improve performance - lib\features\wallet\wallet_screen.dart:571:17 - prefer_const_constructors
   info - Use 'const' literals as arguments to constructors of '@immutable' classes - lib\features\wallet\wallet_screen.dart:572:29 - prefer_const_literals_to_create_immutables
  error - The name 'MyApp' isn't a class - test\widget_test.dart:16:35 - creation_with_non_type

