Resolving dependencies...
Downloading packages...
  _flutterfire_internals 1.3.59 (1.3.67 available)
  firebase_core 3.15.2 (4.5.0 available)
  firebase_core_web 2.24.1 (3.5.0 available)
  firebase_messaging 15.2.10 (16.1.2 available)
  firebase_messaging_platform_interface 4.6.10 (4.7.7 available)
  firebase_messaging_web 3.10.10 (4.1.3 available)
  fl_chart 0.69.2 (1.2.0 available)
  flutter_lints 4.0.0 (6.0.0 available)
  geolocator 13.0.4 (14.0.2 available)
  geolocator_android 4.6.2 (5.0.2 available)
  go_router 14.8.1 (17.1.0 available)
  google_maps_flutter 2.15.0 (2.16.0 available)
  google_maps_flutter_android 2.19.2 (2.19.3 available)
  google_maps_flutter_platform_interface 2.14.2 (2.15.0 available)
  google_maps_flutter_web 0.6.1 (0.6.2 available)
  lints 4.0.0 (6.1.0 available)
  meta 1.17.0 (1.18.2 available)
  test_api 0.7.10 (0.7.11 available)
  vector_math 2.2.0 (2.3.0 available)
Got dependencies!
19 packages have newer versions incompatible with dependency constraints.
Try `flutter pub outdated` for more information.
Analyzing shieldgig...                                          

   info - The 'child' argument should be last in widget constructor invocations - lib\core\router\app_router.dart:96:27 - sort_child_properties_last
warning - Unused import: '../../shared/widgets/mobile_container.dart' - lib\features\auth\login_screen.dart:5:8 - unused_import
   info - Use 'const' with the constructor to improve performance - lib\features\auth\login_screen.dart:250:11 - prefer_const_constructors
   info - Use 'const' with the constructor to improve performance - lib\features\auth\login_screen.dart:318:11 - prefer_const_constructors
   info - Use 'const' with the constructor to improve performance - lib\features\auth\login_screen.dart:320:20 - prefer_const_constructors
warning - The declaration '_hint' isn't referenced - lib\features\auth\otp_screen.dart:16:7 - unused_element
   info - Statements in a for should be enclosed in a block - lib\features\auth\otp_screen.dart:43:35 - curly_braces_in_flow_control_structures
   info - Statements in a for should be enclosed in a block - lib\features\auth\otp_screen.dart:44:34 - curly_braces_in_flow_control_structures
   info - Statements in a for should be enclosed in a block - lib\features\auth\otp_screen.dart:95:35 - curly_braces_in_flow_control_structures
   info - 'withOpacity' is deprecated and shouldn't be used. Use .withValues() to avoid precision loss - lib\features\claims\auto_explanation_screen.dart:68:55 - deprecated_member_use
   info - 'withOpacity' is deprecated and shouldn't be used. Use .withValues() to avoid precision loss - lib\features\claims\claim_detail_screen.dart:58:36 - deprecated_member_use
   info - 'withOpacity' is deprecated and shouldn't be used. Use .withValues() to avoid precision loss - lib\features\claims\claim_detail_screen.dart:140:85 - deprecated_member_use
   info - Use 'const' with the constructor to improve performance - lib\features\claims\claim_detail_screen.dart:228:25 - prefer_const_constructors
warning - Unused import: '../../core/constants/text_styles.dart' - lib\features\claims\claims_screen.dart:7:8 - unused_import
   info - Use 'const' with the constructor to improve performance - lib\features\claims\claims_screen.dart:54:13 - prefer_const_constructors
   info - 'withOpacity' is deprecated and shouldn't be used. Use .withValues() to avoid precision loss - lib\features\claims\manual_evidence_screen.dart:74:61 - deprecated_member_use
   info - 'withOpacity' is deprecated and shouldn't be used. Use .withValues() to avoid precision loss - lib\features\claims\manual_evidence_screen.dart:138:41 - deprecated_member_use
   info - Use 'const' with the constructor to improve performance - lib\features\dashboard\dashboard_screen.dart:141:18 - prefer_const_constructors
   info - 'withOpacity' is deprecated and shouldn't be used. Use .withValues() to avoid precision loss - lib\features\dashboard\dashboard_screen.dart:207:42 - deprecated_member_use
   info - 'withOpacity' is deprecated and shouldn't be used. Use .withValues() to avoid precision loss - lib\features\dashboard\dashboard_screen.dart:215:29 - deprecated_member_use
   info - Use 'const' with the constructor to improve performance - lib\features\dashboard\dashboard_screen.dart:284:17 - prefer_const_constructors
   info - Use 'const' with the constructor to improve performance - lib\features\dashboard\dashboard_screen.dart:286:28 - prefer_const_constructors
   info - Use 'const' with the constructor to improve performance - lib\features\dashboard\dashboard_screen.dart:299:21 - prefer_const_constructors
   info - Use 'const' with the constructor to improve performance - lib\features\dashboard\dashboard_screen.dart:301:30 - prefer_const_constructors
   info - Use 'const' with the constructor to improve performance - lib\features\dashboard\dashboard_screen.dart:315:11 - prefer_const_constructors
   info - Use 'const' with the constructor to improve performance - lib\features\dashboard\dashboard_screen.dart:316:20 - prefer_const_constructors
   info - Use 'const' literals as arguments to constructors of '@immutable' classes - lib\features\dashboard\dashboard_screen.dart:318:25 - prefer_const_literals_to_create_immutables
   info - Use 'const' with the constructor to improve performance - lib\features\dashboard\dashboard_screen.dart:334:17 - prefer_const_constructors
   info - Use 'const' literals as arguments to constructors of '@immutable' classes - lib\features\dashboard\dashboard_screen.dart:334:31 - prefer_const_literals_to_create_immutables
   info - Use 'const' for final variables initialized to a constant value - lib\features\dashboard\dashboard_screen.dart:393:5 - prefer_const_declarations
   info - Use 'const' with the constructor to improve performance - lib\features\dashboard\dashboard_screen.dart:434:14 - prefer_const_constructors
   info - Use 'const' literals as arguments to constructors of '@immutable' classes - lib\features\dashboard\dashboard_screen.dart:435:19 - prefer_const_literals_to_create_immutables
   info - Use 'const' with the constructor to improve performance - lib\features\dashboard\dashboard_screen.dart:438:11 - prefer_const_constructors
   info - Use 'const' with the constructor to improve performance - lib\features\dashboard\dashboard_screen.dart:439:20 - prefer_const_constructors
   info - Use 'const' literals as arguments to constructors of '@immutable' classes - lib\features\dashboard\dashboard_screen.dart:441:25 - prefer_const_literals_to_create_immutables
  error - Undefined name 'AppRoutes' - lib\features\dashboard\dashboard_screen.dart:513:33 - undefined_identifier
   info - 'withOpacity' is deprecated and shouldn't be used. Use .withValues() to avoid precision loss - lib\features\dashboard\dashboard_screen.dart:701:31 - deprecated_member_use
  error - Undefined name 'AppRoutes' - lib\features\dashboard\dashboard_screen.dart:769:39 - undefined_identifier
   info - 'withOpacity' is deprecated and shouldn't be used. Use .withValues() to avoid precision loss - lib\features\dashboard\iss_detail_screen.dart:39:60 - deprecated_member_use
   info - 'withOpacity' is deprecated and shouldn't be used. Use .withValues() to avoid precision loss - lib\features\dashboard\iss_detail_screen.dart:194:59 - deprecated_member_use
warning - The declaration '_lightGreen' isn't referenced - lib\features\dashboard\trigger_status_screen.dart:7:7 - unused_element
warning - The declaration '_errorRed' isn't referenced - lib\features\dashboard\trigger_status_screen.dart:9:7 - unused_element
   info - 'withOpacity' is deprecated and shouldn't be used. Use .withValues() to avoid precision loss - lib\features\dashboard\trigger_status_screen.dart:151:55 - deprecated_member_use
   info - 'withOpacity' is deprecated and shouldn't be used. Use .withValues() to avoid precision loss - lib\features\dashboard\trigger_status_screen.dart:172:48 - deprecated_member_use
   info - 'withOpacity' is deprecated and shouldn't be used. Use .withValues() to avoid precision loss - lib\features\dashboard\trigger_status_screen.dart:187:48 - deprecated_member_use
   info - Use 'const' with the constructor to improve performance - lib\features\dashboard\trigger_status_screen.dart:229:17 - prefer_const_constructors
   info - Use 'const' literals as arguments to constructors of '@immutable' classes - lib\features\dashboard\trigger_status_screen.dart:230:29 - prefer_const_literals_to_create_immutables
   info - Use 'const' with the constructor to improve performance - lib\features\dashboard\trigger_status_screen.dart:245:25 - prefer_const_constructors
   info - Use 'const' with the constructor to improve performance - lib\features\onboarding\onboarding_carousel_screen.dart:73:39 - prefer_const_constructors
   info - 'withOpacity' is deprecated and shouldn't be used. Use .withValues() to avoid precision loss - lib\features\onboarding\onboarding_carousel_screen.dart:119:107 - deprecated_member_use
   info - Use 'const' with the constructor to improve performance - lib\features\onboarding\onboarding_screen.dart:496:32 - prefer_const_constructors
   info - 'withOpacity' is deprecated and shouldn't be used. Use .withValues() to avoid precision loss - lib\features\onboarding\onboarding_screen.dart:511:34 - deprecated_member_use
   info - Use 'const' with the constructor to improve performance - lib\features\onboarding\onboarding_screen.dart:520:17 - prefer_const_constructors
warning - The declaration '_lightGreen' isn't referenced - lib\features\policy\dynamic_premium_screen.dart:10:7 - unused_element
   info - 'withOpacity' is deprecated and shouldn't be used. Use .withValues() to avoid precision loss - lib\features\policy\dynamic_premium_screen.dart:76:67 - deprecated_member_use
   info - 'withOpacity' is deprecated and shouldn't be used. Use .withValues() to avoid precision loss - lib\features\policy\dynamic_premium_screen.dart:95:67 - deprecated_member_use
   info - Use 'const' with the constructor to improve performance - lib\features\policy\dynamic_premium_screen.dart:173:19 - prefer_const_constructors
   info - Use 'const' literals as arguments to constructors of '@immutable' classes - lib\features\policy\dynamic_premium_screen.dart:174:31 - prefer_const_literals_to_create_immutables
   info - 'withOpacity' is deprecated and shouldn't be used. Use .withValues() to avoid precision loss - lib\features\policy\dynamic_premium_screen.dart:204:71 - deprecated_member_use
   info - 'withOpacity' is deprecated and shouldn't be used. Use .withValues() to avoid precision loss - lib\features\policy\dynamic_premium_screen.dart:226:50 - deprecated_member_use
  error - Undefined name '_textHint' - lib\features\policy\dynamic_premium_screen.dart:265:53 - undefined_identifier
   info - 'withOpacity' is deprecated and shouldn't be used. Use .withValues() to avoid precision loss - lib\features\policy\dynamic_premium_screen.dart:289:101 - deprecated_member_use
   info - Use 'const' with the constructor to improve performance - lib\features\policy\payment_screen.dart:108:19 - prefer_const_constructors
   info - Use 'const' with the constructor to improve performance - lib\features\policy\payment_screen.dart:110:19 - prefer_const_constructors
   info - Use 'const' with the constructor to improve performance - lib\features\policy\payment_screen.dart:114:19 - prefer_const_constructors
   info - Use 'const' literals as arguments to constructors of '@immutable' classes - lib\features\policy\payment_screen.dart:116:31 - prefer_const_literals_to_create_immutables
   info - 'groupValue' is deprecated and shouldn't be used. Use a RadioGroup ancestor to manage group value instead. This feature was deprecated after v3.32.0-0.0.pre - lib\features\policy\payment_screen.dart:366:15 - deprecated_member_use
   info - 'onChanged' is deprecated and shouldn't be used. Use RadioGroup to handle value change instead. This feature was deprecated after v3.32.0-0.0.pre - lib\features\policy\payment_screen.dart:367:15 - deprecated_member_use
warning - The '!' will have no effect because the receiver can't be null - lib\features\policy\plans_screen.dart:305:34 - unnecessary_non_null_assertion
   info - 'activeColor' is deprecated and shouldn't be used. Use activeThumbColor instead. This feature was deprecated after v3.31.0-2.0.pre - lib\features\policy\plans_screen.dart:365:11 - deprecated_member_use
warning - Unused import: '../../core/constants/text_styles.dart' - lib\features\policy\policy_screen.dart:2:8 - unused_import
   info - 'activeColor' is deprecated and shouldn't be used. Use activeThumbColor instead. This feature was deprecated after v3.31.0-2.0.pre - lib\features\policy\policy_screen.dart:645:11 - deprecated_member_use
   info - 'withOpacity' is deprecated and shouldn't be used. Use .withValues() to avoid precision loss - lib\features\policy\shadow_policy_screen.dart:49:68 - deprecated_member_use
   info - 'withOpacity' is deprecated and shouldn't be used. Use .withValues() to avoid precision loss - lib\features\policy\shadow_policy_screen.dart:83:49 - deprecated_member_use
   info - 'withOpacity' is deprecated and shouldn't be used. Use .withValues() to avoid precision loss - lib\features\policy\shadow_policy_screen.dart:139:41 - deprecated_member_use
warning - Unused import: '../../core/router/app_router.dart' - lib\features\profile\profile_screen.dart:7:8 - unused_import
warning - Unused import: '../../core/constants/text_styles.dart' - lib\features\profile\profile_screen.dart:9:8 - unused_import
   info - Use 'const' with the constructor to improve performance - lib\features\profile\profile_screen.dart:45:13 - prefer_const_constructors
   info - Use 'const' with the constructor to improve performance - lib\features\profile\profile_screen.dart:46:16 - prefer_const_constructors
   info - Use 'const' with the constructor to improve performance - lib\features\profile\profile_screen.dart:48:18 - prefer_const_constructors
   info - Use 'const' literals as arguments to constructors of '@immutable' classes - lib\features\profile\profile_screen.dart:50:21 - prefer_const_literals_to_create_immutables
   info - Use 'const' with the constructor to improve performance - lib\features\profile\profile_screen.dart:51:13 - prefer_const_constructors
   info - Use 'const' with the constructor to improve performance - lib\features\profile\profile_screen.dart:53:13 - prefer_const_constructors
   info - Use 'const' with the constructor to improve performance - lib\features\profile\profile_screen.dart:55:13 - prefer_const_constructors
   info - Use 'const' with the constructor to improve performance - lib\features\profile\profile_screen.dart:57:13 - prefer_const_constructors
   info - Use 'const' with the constructor to improve performance - lib\features\profile\profile_screen.dart:59:13 - prefer_const_constructors
   info - Use 'const' with the constructor to improve performance - lib\features\profile\profile_screen.dart:61:13 - prefer_const_constructors
   info - Use 'const' with the constructor to improve performance - lib\features\profile\profile_screen.dart:63:13 - prefer_const_constructors
   info - Use 'const' with the constructor to improve performance - lib\features\profile\profile_screen.dart:65:13 - prefer_const_constructors
   info - Use 'const' with the constructor to improve performance - lib\features\profile\profile_screen.dart:67:13 - prefer_const_constructors
   info - Use 'const' with the constructor to improve performance - lib\features\profile\profile_screen.dart:69:13 - prefer_const_constructors
   info - Use 'const' with the constructor to improve performance - lib\features\profile\profile_screen.dart:71:13 - prefer_const_constructors
   info - Use 'const' with the constructor to improve performance - lib\features\profile\profile_screen.dart:73:13 - prefer_const_constructors
   info - 'withOpacity' is deprecated and shouldn't be used. Use .withValues() to avoid precision loss - lib\features\profile\profile_screen.dart:427:57 - deprecated_member_use
   info - 'withOpacity' is deprecated and shouldn't be used. Use .withValues() to avoid precision loss - lib\features\shared\widgets\demo_control_panel.dart:168:43 - deprecated_member_use
   info - 'withOpacity' is deprecated and shouldn't be used. Use .withValues() to avoid precision loss - lib\features\shared\widgets\demo_control_panel.dart:175:30 - deprecated_member_use
   info - Use 'const' with the constructor to improve performance - lib\features\support\support_screen.dart:36:13 - prefer_const_constructors
   info - Use 'const' with the constructor to improve performance - lib\features\support\support_screen.dart:37:16 - prefer_const_constructors
   info - Use 'const' with the constructor to improve performance - lib\features\support\support_screen.dart:39:18 - prefer_const_constructors
   info - Use 'const' literals as arguments to constructors of '@immutable' classes - lib\features\support\support_screen.dart:41:23 - prefer_const_literals_to_create_immutables
   info - Use 'const' with the constructor to improve performance - lib\features\support\support_screen.dart:92:16 - prefer_const_constructors
   info - Use 'const' literals as arguments to constructors of '@immutable' classes - lib\features\support\support_screen.dart:93:21 - prefer_const_literals_to_create_immutables
   info - Use 'const' with the constructor to improve performance - lib\features\support\support_screen.dart:238:12 - prefer_const_constructors
   info - Use 'const' with the constructor to improve performance - lib\features\support\support_screen.dart:240:14 - prefer_const_constructors
warning - The value of the field '_expanded' isn't used - lib\features\support\support_screen.dart:276:8 - unused_field
   info - Use 'const' with the constructor to improve performance - lib\features\support\support_screen.dart:373:13 - prefer_const_constructors
   info - Use 'const' literals as arguments to constructors of '@immutable' classes - lib\features\support\support_screen.dart:374:25 - prefer_const_literals_to_create_immutables
warning - The declaration '_errorRed' isn't referenced - lib\features\wallet\analytics_dashboard_screen.dart:13:7 - unused_element
   info - 'withOpacity' is deprecated and shouldn't be used. Use .withValues() to avoid precision loss - lib\features\wallet\analytics_dashboard_screen.dart:108:67 - deprecated_member_use
   info - Use 'const' literals as arguments to constructors of '@immutable' classes - lib\features\wallet\analytics_dashboard_screen.dart:122:27 - prefer_const_literals_to_create_immutables
   info - Use 'const' with the constructor to improve performance - lib\features\wallet\analytics_dashboard_screen.dart:123:19 - prefer_const_constructors
   info - Use 'const' with the constructor to improve performance - lib\features\wallet\analytics_dashboard_screen.dart:125:19 - prefer_const_constructors
   info - Use 'const' with the constructor to improve performance - lib\features\wallet\analytics_dashboard_screen.dart:127:19 - prefer_const_constructors
   info - Use 'const' with the constructor to improve performance - lib\features\wallet\analytics_dashboard_screen.dart:160:40 - prefer_const_constructors
   info - Use 'const' with the constructor to improve performance - lib\features\wallet\analytics_dashboard_screen.dart:162:42 - prefer_const_constructors
   info - Use 'const' with the constructor to improve performance - lib\features\wallet\analytics_dashboard_screen.dart:175:64 - prefer_const_constructors
   info - Use 'const' with the constructor to improve performance - lib\features\wallet\analytics_dashboard_screen.dart:223:22 - prefer_const_constructors
   info - Use 'const' literals as arguments to constructors of '@immutable' classes - lib\features\wallet\analytics_dashboard_screen.dart:225:27 - prefer_const_literals_to_create_immutables
   info - Use 'const' with the constructor to improve performance - lib\features\wallet\analytics_dashboard_screen.dart:228:19 - prefer_const_constructors
   info - Use 'const' with the constructor to improve performance - lib\features\wallet\analytics_dashboard_screen.dart:230:19 - prefer_const_constructors
   info - Use 'const' with the constructor to improve performance - lib\features\wallet\analytics_dashboard_screen.dart:232:19 - prefer_const_constructors
   info - 'withOpacity' is deprecated and shouldn't be used. Use .withValues() to avoid precision loss - lib\features\wallet\analytics_dashboard_screen.dart:320:45 - deprecated_member_use
   info - Use 'const' with the constructor to improve performance - lib\features\wallet\analytics_dashboard_screen.dart:403:23 - prefer_const_constructors
warning - Unused import: '../../core/constants/text_styles.dart' - lib\features\wallet\wallet_screen.dart:7:8 - unused_import
warning - Duplicate import - lib\features\wallet\wallet_screen.dart:11:8 - duplicate_import
warning - The declaration '_hint' isn't referenced - lib\features\wallet\wallet_screen.dart:23:7 - unused_element
   info - Use 'const' with the constructor to improve performance - lib\features\wallet\wallet_screen.dart:82:13 - prefer_const_constructors
   info - Use 'const' with the constructor to improve performance - lib\features\wallet\wallet_screen.dart:84:13 - prefer_const_constructors
   info - Use 'const' with the constructor to improve performance - lib\features\wallet\wallet_screen.dart:88:13 - prefer_const_constructors
   info - Use 'const' with the constructor to improve performance - lib\features\wallet\wallet_screen.dart:90:13 - prefer_const_constructors
   info - Use 'const' with the constructor to improve performance - lib\features\wallet\wallet_screen.dart:92:13 - prefer_const_constructors
   info - 'withOpacity' is deprecated and shouldn't be used. Use .withValues() to avoid precision loss - lib\features\wallet\wallet_screen.dart:280:44 - deprecated_member_use
   info - Use 'const' with the constructor to improve performance - lib\features\wallet\wallet_screen.dart:316:9 - prefer_const_constructors
   info - Use 'const' literals as arguments to constructors of '@immutable' classes - lib\features\wallet\wallet_screen.dart:317:21 - prefer_const_literals_to_create_immutables
   info - Use interpolation to compose strings and values - lib\features\wallet\wallet_screen.dart:510:41 - prefer_interpolation_to_compose_strings
   info - Use interpolation to compose strings and values - lib\features\wallet\wallet_screen.dart:511:25 - prefer_interpolation_to_compose_strings
   info - Use 'const' with the constructor to improve performance - lib\features\wallet\wallet_screen.dart:610:11 - prefer_const_constructors
   info - Use 'const' with the constructor to improve performance - lib\features\wallet\wallet_screen.dart:611:20 - prefer_const_constructors
   info - Use 'const' literals as arguments to constructors of '@immutable' classes - lib\features\wallet\wallet_screen.dart:613:25 - prefer_const_literals_to_create_immutables
   info - Use 'const' with the constructor to improve performance - lib\features\wallet\wallet_screen.dart:623:17 - prefer_const_constructors
   info - Use 'const' literals as arguments to constructors of '@immutable' classes - lib\features\wallet\wallet_screen.dart:624:29 - prefer_const_literals_to_create_immutables
warning - Unused import: 'package:shieldgig/main.dart' - test\widget_test.dart:11:8 - unused_import

142 issues found. (ran in 2.1s)
