Resolving dependencies...
Downloading packages...
  _flutterfire_internals 1.3.59 (1.3.67 available)
  firebase_core 3.15.2 (4.5.0 available)
  firebase_core_web 2.24.1 (3.5.0 available)
  firebase_messaging 15.2.10 (16.1.2 available)
  firebase_messaging_platform_interface 4.6.10 (4.7.7 available)
  firebase_messaging_web 3.10.10 (4.1.3 available)
  fl_chart 0.69.2 (1.2.0 available)
  flutter_lints 4.0.0 (6.0.0 available)
  geolocator 13.0.4 (14.0.2 available)
  geolocator_android 4.6.2 (5.0.2 available)
  go_router 14.8.1 (17.1.0 available)
  google_maps_flutter 2.15.0 (2.16.0 available)
  google_maps_flutter_android 2.19.2 (2.19.3 available)
  google_maps_flutter_platform_interface 2.14.2 (2.15.0 available)
  google_maps_flutter_web 0.6.1 (0.6.2 available)
  lints 4.0.0 (6.1.0 available)
  meta 1.17.0 (1.18.2 available)
  test_api 0.7.10 (0.7.11 available)
  vector_math 2.2.0 (2.3.0 available)
Got dependencies!
19 packages have newer versions incompatible with dependency constraints.
Try `flutter pub outdated` for more information.
Compiling lib\main.dart for the Web...                          
Wasm dry run succeeded. Consider building and testing your application with the `--wasm` flag. See docs for more info: https://docs.flutter.dev/platform-integration/web/wasm
Use --no-wasm-dry-run to disable these warnings.
Font asset "CupertinoIcons.ttf" was tree-shaken, reducing it from 257628 to 1472 bytes (99.4% reduction). Tree-shaking can be disabled by providing the --no-tree-shake-icons flag when building your app.
Font asset "MaterialIcons-Regular.otf" was tree-shaken, reducing it from 1645184 to 20292 bytes (98.8% reduction). Tree-shaking can be disabled by providing the --no-tree-shake-icons flag when building your app.
Compiling lib\main.dart for the Web...                             26.9s
√ Built build\web
