Resolving dependencies...
Downloading packages...
  _flutterfire_internals 1.3.59 (1.3.67 available)
  firebase_core 3.15.2 (4.5.0 available)
  firebase_core_web 2.24.1 (3.5.0 available)
  firebase_messaging 15.2.10 (16.1.2 available)
  firebase_messaging_platform_interface 4.6.10 (4.7.7 available)
  firebase_messaging_web 3.10.10 (4.1.3 available)
  fl_chart 0.69.2 (1.2.0 available)
  flutter_lints 4.0.0 (6.0.0 available)
  geolocator 13.0.4 (14.0.2 available)
  geolocator_android 4.6.2 (5.0.2 available)
  go_router 14.8.1 (17.1.0 available)
  lints 4.0.0 (6.1.0 available)
  meta 1.17.0 (1.18.1 available)
Got dependencies!
13 packages have newer versions incompatible with dependency constraints.
Try `flutter pub outdated` for more information.
Compiling lib\main.dart for the Web...                          
flutter : Wasm dry run 
succeeded. Consider 
building and testing your 
application with the 
`--wasm` flag. See docs 
for more info: https://doc
s.flutter.dev/platform-int
egration/web/wasm
At line:1 char:1
+ flutter build web 
--no-tree-shake-icons 
2>&1 | Out-File -FilePath 
err ...
+ ~~~~~~~~~~~~~~~~~~~~~~~~
~~~~~~~~~~~~~~~~~~~~
    + CategoryInfo        
      : NotSpecified: (W  
  asm dry run su...rati   
 on/web/wasm:String) [    
], RemoteException
    + FullyQualifiedError 
   Id : NativeCommandErr  
  or
 
Use --no-wasm-dry-run to 
disable these warnings.
Compiling lib\main.dart for the Web...                             25.1s
ΓêÜ Built build\web
